
> dnd-character-manager@ build /home/sbolgert/workspace/dnd-mobile-ux-qa
> pnpm api:check && tsc --noEmit && vite build --config src/app/vite.config.ts && vite build --config src/server.vite.config.ts


> dnd-character-manager@ api:check /home/sbolgert/workspace/dnd-mobile-ux-qa
> tsx scripts/generate-openapi.ts --check

vite v8.0.10 building client environment for production...
[2K
transforming...✓ 2585 modules transformed.
rendering chunks...
computing gzip size...
dist/app/registerSW.js                0.13 kB
dist/app/manifest.webmanifest         0.55 kB
dist/app/index.html                   1.21 kB │ gzip:   0.58 kB
dist/app/assets/index-DJUFccb1.css  220.60 kB │ gzip:  33.08 kB
dist/app/assets/index-B1guH2Vw.js   733.46 kB │ gzip: 215.85 kB

[plugin builtin:vite-reporter] 
(!) Some chunks are larger than 500 kB after minification. Consider:
- Using dynamic import() to code-split the application
- Use build.rolldownOptions.output.codeSplitting to improve chunking: https://rolldown.rs/reference/OutputOptions.codeSplitting
- Adjust chunk size limit for this warning via build.chunkSizeWarningLimit.
✓ built in 1.02s

PWA v1.3.0
mode      generateSW
precache  13 entries (933.02 KiB)
files generated
  ../../dist/app/sw.js
  ../../dist/app/workbox-9c191d2f.js
vite v8.0.10 building ssr environment for production...
[2K
transforming...✓ 122 modules transformed.
rendering chunks...
computing gzip size...
dist/server/db-migrate.mjs     1.07 kB │ gzip:  0.61 kB
dist/server/prod-server.mjs  288.18 kB │ gzip: 49.27 kB

✓ built in 223ms
